// Jest Snapshot v1, https://goo.gl/fbAQLP

exports[`HeaderInner renders correctly 1`] = `
<div
  class="jumbotron"
>
  <div
    class="container"
  >
    <div
      className="row"
    >
      <div
        className="col-sm-7"
      >
        <a
          href="/"
        >
          <h2
            class="display-4"
          >
            Our awesome conference
          </h2>
        </a>
        <p
          class="lead"
        >
          A great conference for developers and other mystical creatures
        </p>
      </div>
      <div
        className="col-sm-5 text-center"
      >
        <p>
          100 early-bird tickets left
        </p>
        <a
          class="btn btn-primary btn-lg"
          href="https://awesome_url_for_your_ticketing_platform.com"
          role="button"
        >
          Tickets on sale!
        </a>
      </div>
    </div>
  </div>
</div>
`;
